// Jest Snapshot v1, https://goo.gl/fbAQLP

exports[`should render ExpenseList with empty message 1`] = `
<div>
  <ExpenseListItem
    expense={
      Object {
        "amount": 1000,
        "createdAt": 0,
        "description": "Beer",
        "id": "1",
        "note": "",
      }
    }
    key="Beer"
  />
  <ExpenseListItem
    expense={
      Object {
        "amount": 2500,
        "createdAt": -345600000,
        "description": "Gas",
        "id": "2",
        "note": "",
      }
    }
    key="Gas"
  />
  <ExpenseListItem
    expense={
      Object {
        "amount": 2000,
        "createdAt": 345600000,
        "description": "Dinner",
        "id": "3",
        "note": "",
      }
    }
    key="Dinner"
  />
</div>
`;

exports[`should render ExpenseList with expenses 1`] = `
<div>
  <ExpenseListItem
    expense={
      Object {
        "amount": 1000,
        "createdAt": 0,
        "description": "Beer",
        "id": "1",
        "note": "",
      }
    }
    key="Beer"
  />
  <ExpenseListItem
    expense={
      Object {
        "amount": 2500,
        "createdAt": -345600000,
        "description": "Gas",
        "id": "2",
        "note": "",
      }
    }
    key="Gas"
  />
  <ExpenseListItem
    expense={
      Object {
        "amount": 2000,
        "createdAt": 345600000,
        "description": "Dinner",
        "id": "3",
        "note": "",
      }
    }
    key="Dinner"
  />
</div>
`;
